// Jest Snapshot v1, https://goo.gl/fbAQLP

exports[`StackRegister component should render StackRegister 1`] = `
<div
  className="container border rounded p-0 pb-2"
>
  <h4
    className="text-center pt-2 pb-2 border-bottom  bg-primary rounded-top text-white"
  >
    Create a New Stack
  </h4>
  <Connect(FormStack) />
</div>
`;
