// Jest Snapshot v1, https://goo.gl/fbAQLP

exports[`StackPage component should render StackPage correctly 1`] = `
<div>
  <h4>
    test title stack
  </h4>
  <Cards
    cards={
      Array [
        Object {
          "answer": "test answer",
          "id": 2,
          "prompt": "test prompt",
        },
      ]
    }
  />
</div>
`;
